// Validating benchmarks:
// ***** BenchmarkRunner: Start   *****
// ***** Found 4 benchmark(s) in total *****
// ***** Building 1 exe(s) in Parallel: Start   *****
// start dotnet  restore --nodeReuse:false /p:UseSharedCompilation=false /p:Deterministic=true /p:Optimize=true /p:ArtifactsPath="/app/Benchmark/bin/Release/net10.0/Benchmark-DefaultJob-1/" /p:OutDir="/app/Benchmark/bin/Release/net10.0/Benchmark-DefaultJob-1/bin/Release/net10.0/" /p:OutputPath="/app/Benchmark/bin/Release/net10.0/Benchmark-DefaultJob-1/bin/Release/net10.0/" /p:PublishDir="/app/Benchmark/bin/Release/net10.0/Benchmark-DefaultJob-1/publish/" in /app/Benchmark/bin/Release/net10.0/Benchmark-DefaultJob-1
// command took 3.21 sec and exited with 0
// start dotnet  build -c Release --no-restore --nodeReuse:false /p:UseSharedCompilation=false /p:Deterministic=true /p:Optimize=true /p:ArtifactsPath="/app/Benchmark/bin/Release/net10.0/Benchmark-DefaultJob-1/" /p:OutDir="/app/Benchmark/bin/Release/net10.0/Benchmark-DefaultJob-1/bin/Release/net10.0/" /p:OutputPath="/app/Benchmark/bin/Release/net10.0/Benchmark-DefaultJob-1/bin/Release/net10.0/" /p:PublishDir="/app/Benchmark/bin/Release/net10.0/Benchmark-DefaultJob-1/publish/" --output "/app/Benchmark/bin/Release/net10.0/Benchmark-DefaultJob-1/bin/Release/net10.0/" in /app/Benchmark/bin/Release/net10.0/Benchmark-DefaultJob-1
// command took 11.81 sec and exited with 0
// ***** Done, took 00:00:15 (15.16 sec)   *****
// Found 4 benchmarks:
//   AssetResolutionBenchmark.Original_NonAsset: DefaultJob
//   AssetResolutionBenchmark.Optimized_NonAsset: DefaultJob
//   AssetResolutionBenchmark.Original_Asset: DefaultJob
//   AssetResolutionBenchmark.Optimized_Asset: DefaultJob

// **************************
// Benchmark: AssetResolutionBenchmark.Original_NonAsset: DefaultJob
// *** Execute ***
// Launch: 1 / 1
// Execute: dotnet Benchmark-DefaultJob-1.dll --anonymousPipes 115 116 --benchmarkName Benchmark.AssetResolutionBenchmark.Original_NonAsset --job Default --benchmarkId 0 in /app/Benchmark/bin/Release/net10.0/Benchmark-DefaultJob-1/bin/Release/net10.0
// Failed to set up high priority (Permission denied). In order to run benchmarks with high priority, make sure you have the right permissions.
// BeforeAnythingElse

// Benchmark Process Environment Information:
// BenchmarkDotNet v0.15.8
// Runtime=.NET 10.0.3 (10.0.3, 10.0.326.7603), X64 RyuJIT x86-64-v3
// GC=Concurrent Workstation
// HardwareIntrinsics=AVX2+BMI1+BMI2+F16C+FMA+LZCNT+MOVBE,AVX,SSE3+SSSE3+SSE4.1+SSE4.2+POPCNT,X86Base+SSE+SSE2,AES+PCLMUL VectorSize=256
// Job: DefaultJob

OverheadJitting  1: 1 op, 338627.00 ns, 338.6270 us/op
WorkloadJitting  1: 1 op, 709420.00 ns, 709.4200 us/op

OverheadJitting  2: 16 op, 762423.00 ns, 47.6514 us/op
WorkloadJitting  2: 16 op, 685965.00 ns, 42.8728 us/op

WorkloadPilot    1: 16 op, 18322.00 ns, 1.1451 us/op
WorkloadPilot    2: 32 op, 8195.00 ns, 256.0938 ns/op
WorkloadPilot    3: 64 op, 10504.00 ns, 164.1250 ns/op
WorkloadPilot    4: 128 op, 37073.00 ns, 289.6328 ns/op
WorkloadPilot    5: 256 op, 52536.00 ns, 205.2188 ns/op
WorkloadPilot    6: 512 op, 147532.00 ns, 288.1484 ns/op
WorkloadPilot    7: 1024 op, 135248.00 ns, 132.0781 ns/op
WorkloadPilot    8: 2048 op, 445574.00 ns, 217.5654 ns/op
WorkloadPilot    9: 4096 op, 609522.00 ns, 148.8091 ns/op
WorkloadPilot   10: 8192 op, 1002551.00 ns, 122.3817 ns/op
WorkloadPilot   11: 16384 op, 1959165.00 ns, 119.5779 ns/op
WorkloadPilot   12: 32768 op, 3765318.00 ns, 114.9084 ns/op
WorkloadPilot   13: 65536 op, 7412908.00 ns, 113.1120 ns/op
WorkloadPilot   14: 131072 op, 21082283.00 ns, 160.8451 ns/op
WorkloadPilot   15: 262144 op, 30016051.00 ns, 114.5021 ns/op
WorkloadPilot   16: 524288 op, 93351389.00 ns, 178.0536 ns/op
WorkloadPilot   17: 1048576 op, 194289034.00 ns, 185.2885 ns/op
WorkloadPilot   18: 2097152 op, 160965121.00 ns, 76.7542 ns/op
WorkloadPilot   19: 4194304 op, 204561137.00 ns, 48.7712 ns/op
WorkloadPilot   20: 8388608 op, 407997293.00 ns, 48.6371 ns/op
WorkloadPilot   21: 16777216 op, 772259710.00 ns, 46.0303 ns/op

OverheadWarmup   1: 16777216 op, 61942233.00 ns, 3.6920 ns/op
OverheadWarmup   2: 16777216 op, 68555819.00 ns, 4.0862 ns/op
OverheadWarmup   3: 16777216 op, 94267546.00 ns, 5.6188 ns/op
OverheadWarmup   4: 16777216 op, 125406152.00 ns, 7.4748 ns/op
OverheadWarmup   5: 16777216 op, 76147094.00 ns, 4.5387 ns/op
OverheadWarmup   6: 16777216 op, 71086466.00 ns, 4.2371 ns/op
OverheadWarmup   7: 16777216 op, 44392025.00 ns, 2.6460 ns/op
OverheadWarmup   8: 16777216 op, 42714131.00 ns, 2.5460 ns/op
OverheadWarmup   9: 16777216 op, 43451358.00 ns, 2.5899 ns/op
OverheadWarmup  10: 16777216 op, 43325641.00 ns, 2.5824 ns/op

OverheadActual   1: 16777216 op, 42670986.00 ns, 2.5434 ns/op
OverheadActual   2: 16777216 op, 43556580.00 ns, 2.5962 ns/op
OverheadActual   3: 16777216 op, 42664290.00 ns, 2.5430 ns/op
OverheadActual   4: 16777216 op, 43676304.00 ns, 2.6033 ns/op
OverheadActual   5: 16777216 op, 42896879.00 ns, 2.5569 ns/op
OverheadActual   6: 16777216 op, 44155288.00 ns, 2.6319 ns/op
OverheadActual   7: 16777216 op, 42806235.00 ns, 2.5515 ns/op
OverheadActual   8: 16777216 op, 43872824.00 ns, 2.6150 ns/op
OverheadActual   9: 16777216 op, 42857906.00 ns, 2.5545 ns/op
OverheadActual  10: 16777216 op, 43828761.00 ns, 2.6124 ns/op
OverheadActual  11: 16777216 op, 43191444.00 ns, 2.5744 ns/op
OverheadActual  12: 16777216 op, 42688291.00 ns, 2.5444 ns/op
OverheadActual  13: 16777216 op, 42906294.00 ns, 2.5574 ns/op
OverheadActual  14: 16777216 op, 42871492.00 ns, 2.5553 ns/op
OverheadActual  15: 16777216 op, 42499832.00 ns, 2.5332 ns/op

WorkloadWarmup   1: 16777216 op, 869219127.00 ns, 51.8095 ns/op
WorkloadWarmup   2: 16777216 op, 791996683.00 ns, 47.2067 ns/op
WorkloadWarmup   3: 16777216 op, 774914484.00 ns, 46.1885 ns/op
WorkloadWarmup   4: 16777216 op, 779841163.00 ns, 46.4822 ns/op
WorkloadWarmup   5: 16777216 op, 774633667.00 ns, 46.1718 ns/op
WorkloadWarmup   6: 16777216 op, 781641544.00 ns, 46.5895 ns/op
WorkloadWarmup   7: 16777216 op, 768616551.00 ns, 45.8131 ns/op

// BeforeActualRun
WorkloadActual   1: 16777216 op, 778151126.00 ns, 46.3814 ns/op
WorkloadActual   2: 16777216 op, 768466409.00 ns, 45.8042 ns/op
WorkloadActual   3: 16777216 op, 765942920.00 ns, 45.6538 ns/op
WorkloadActual   4: 16777216 op, 766211559.00 ns, 45.6698 ns/op
WorkloadActual   5: 16777216 op, 767493961.00 ns, 45.7462 ns/op
WorkloadActual   6: 16777216 op, 780263813.00 ns, 46.5073 ns/op
WorkloadActual   7: 16777216 op, 779539300.00 ns, 46.4642 ns/op
WorkloadActual   8: 16777216 op, 790508309.00 ns, 47.1180 ns/op
WorkloadActual   9: 16777216 op, 764155228.00 ns, 45.5472 ns/op
WorkloadActual  10: 16777216 op, 774347077.00 ns, 46.1547 ns/op
WorkloadActual  11: 16777216 op, 768374206.00 ns, 45.7987 ns/op
WorkloadActual  12: 16777216 op, 768497268.00 ns, 45.8060 ns/op
WorkloadActual  13: 16777216 op, 766803731.00 ns, 45.7051 ns/op
WorkloadActual  14: 16777216 op, 765109440.00 ns, 45.6041 ns/op
WorkloadActual  15: 16777216 op, 772465468.00 ns, 46.0425 ns/op

// AfterActualRun
WorkloadResult   1: 16777216 op, 735254247.00 ns, 43.8246 ns/op
WorkloadResult   2: 16777216 op, 725569530.00 ns, 43.2473 ns/op
WorkloadResult   3: 16777216 op, 723046041.00 ns, 43.0969 ns/op
WorkloadResult   4: 16777216 op, 723314680.00 ns, 43.1129 ns/op
WorkloadResult   5: 16777216 op, 724597082.00 ns, 43.1894 ns/op
WorkloadResult   6: 16777216 op, 737366934.00 ns, 43.9505 ns/op
WorkloadResult   7: 16777216 op, 736642421.00 ns, 43.9073 ns/op
WorkloadResult   8: 16777216 op, 747611430.00 ns, 44.5611 ns/op
WorkloadResult   9: 16777216 op, 721258349.00 ns, 42.9903 ns/op
WorkloadResult  10: 16777216 op, 731450198.00 ns, 43.5978 ns/op
WorkloadResult  11: 16777216 op, 725477327.00 ns, 43.2418 ns/op
WorkloadResult  12: 16777216 op, 725600389.00 ns, 43.2492 ns/op
WorkloadResult  13: 16777216 op, 723906852.00 ns, 43.1482 ns/op
WorkloadResult  14: 16777216 op, 722212561.00 ns, 43.0472 ns/op
WorkloadResult  15: 16777216 op, 729568589.00 ns, 43.4857 ns/op
// GC:  22 0 0 536870912 16777216
// Threading:  0 0 16777216

// AfterAll
// Benchmark Process 4187 has exited with code 0.

Mean = 43.443 ns, StdErr = 0.114 ns (0.26%), N = 15, StdDev = 0.443 ns
Min = 42.990 ns, Q1 = 43.131 ns, Median = 43.247 ns, Q3 = 43.711 ns, Max = 44.561 ns
IQR = 0.581 ns, LowerFence = 42.260 ns, UpperFence = 44.582 ns
ConfidenceInterval = [42.969 ns; 43.917 ns] (CI 99.9%), Margin = 0.474 ns (1.09% of Mean)
Skewness = 1.06, Kurtosis = 3.11, MValue = 2

// ** Remained 3 (75.0 %) benchmark(s) to run. Estimated finish 2026-09-13 16:44 (0h 1m from now) **
// **************************
// Benchmark: AssetResolutionBenchmark.Optimized_NonAsset: DefaultJob
// *** Execute ***
// Launch: 1 / 1
// Execute: dotnet Benchmark-DefaultJob-1.dll --anonymousPipes 115 116 --benchmarkName Benchmark.AssetResolutionBenchmark.Optimized_NonAsset --job Default --benchmarkId 1 in /app/Benchmark/bin/Release/net10.0/Benchmark-DefaultJob-1/bin/Release/net10.0
// Failed to set up high priority (Permission denied). In order to run benchmarks with high priority, make sure you have the right permissions.
// BeforeAnythingElse

// Benchmark Process Environment Information:
// BenchmarkDotNet v0.15.8
// Runtime=.NET 10.0.3 (10.0.3, 10.0.326.7603), X64 RyuJIT x86-64-v3
// GC=Concurrent Workstation
// HardwareIntrinsics=AVX2+BMI1+BMI2+F16C+FMA+LZCNT+MOVBE,AVX,SSE3+SSSE3+SSE4.1+SSE4.2+POPCNT,X86Base+SSE+SSE2,AES+PCLMUL VectorSize=256
// Job: DefaultJob

OverheadJitting  1: 1 op, 283390.00 ns, 283.3900 us/op
WorkloadJitting  1: 1 op, 770687.00 ns, 770.6870 us/op

OverheadJitting  2: 16 op, 598409.00 ns, 37.4006 us/op
WorkloadJitting  2: 16 op, 734034.00 ns, 45.8771 us/op

WorkloadPilot    1: 16 op, 4723.00 ns, 295.1875 ns/op
WorkloadPilot    2: 32 op, 4780.00 ns, 149.3750 ns/op
WorkloadPilot    3: 64 op, 6179.00 ns, 96.5469 ns/op
WorkloadPilot    4: 128 op, 9866.00 ns, 77.0781 ns/op
WorkloadPilot    5: 256 op, 18033.00 ns, 70.4414 ns/op
WorkloadPilot    6: 512 op, 33508.00 ns, 65.4453 ns/op
WorkloadPilot    7: 1024 op, 64902.00 ns, 63.3809 ns/op
WorkloadPilot    8: 2048 op, 345333.00 ns, 168.6196 ns/op
WorkloadPilot    9: 4096 op, 260551.00 ns, 63.6111 ns/op
WorkloadPilot   10: 8192 op, 536322.00 ns, 65.4690 ns/op
WorkloadPilot   11: 16384 op, 1036346.00 ns, 63.2535 ns/op
WorkloadPilot   12: 32768 op, 2101470.00 ns, 64.1318 ns/op
WorkloadPilot   13: 65536 op, 4353957.00 ns, 66.4361 ns/op
WorkloadPilot   14: 131072 op, 8419300.00 ns, 64.2342 ns/op
WorkloadPilot   15: 262144 op, 16779686.00 ns, 64.0094 ns/op
WorkloadPilot   16: 524288 op, 33734605.00 ns, 64.3437 ns/op
WorkloadPilot   17: 1048576 op, 70103644.00 ns, 66.8560 ns/op
WorkloadPilot   18: 2097152 op, 237843931.00 ns, 113.4128 ns/op
WorkloadPilot   19: 4194304 op, 181104978.00 ns, 43.1788 ns/op
WorkloadPilot   20: 8388608 op, 146998263.00 ns, 17.5236 ns/op
WorkloadPilot   21: 16777216 op, 291587930.00 ns, 17.3800 ns/op
WorkloadPilot   22: 33554432 op, 581122612.00 ns, 17.3188 ns/op

OverheadWarmup   1: 33554432 op, 130214309.00 ns, 3.8807 ns/op
OverheadWarmup   2: 33554432 op, 109089657.00 ns, 3.2511 ns/op
OverheadWarmup   3: 33554432 op, 86062509.00 ns, 2.5649 ns/op
OverheadWarmup   4: 33554432 op, 85787516.00 ns, 2.5567 ns/op
OverheadWarmup   5: 33554432 op, 86753948.00 ns, 2.5855 ns/op
OverheadWarmup   6: 33554432 op, 85757827.00 ns, 2.5558 ns/op
OverheadWarmup   7: 33554432 op, 83867022.00 ns, 2.4994 ns/op
OverheadWarmup   8: 33554432 op, 87524310.00 ns, 2.6084 ns/op
OverheadWarmup   9: 33554432 op, 84541669.00 ns, 2.5195 ns/op

OverheadActual   1: 33554432 op, 87799422.00 ns, 2.6166 ns/op
OverheadActual   2: 33554432 op, 84198767.00 ns, 2.5093 ns/op
OverheadActual   3: 33554432 op, 87903899.00 ns, 2.6197 ns/op
OverheadActual   4: 33554432 op, 84584930.00 ns, 2.5208 ns/op
OverheadActual   5: 33554432 op, 88264772.00 ns, 2.6305 ns/op
OverheadActual   6: 33554432 op, 85178969.00 ns, 2.5385 ns/op
OverheadActual   7: 33554432 op, 84538175.00 ns, 2.5194 ns/op
OverheadActual   8: 33554432 op, 87003170.00 ns, 2.5929 ns/op
OverheadActual   9: 33554432 op, 84899490.00 ns, 2.5302 ns/op
OverheadActual  10: 33554432 op, 88682341.00 ns, 2.6429 ns/op
OverheadActual  11: 33554432 op, 85001165.00 ns, 2.5332 ns/op
OverheadActual  12: 33554432 op, 88830250.00 ns, 2.6473 ns/op
OverheadActual  13: 33554432 op, 83800889.00 ns, 2.4975 ns/op
OverheadActual  14: 33554432 op, 88080806.00 ns, 2.6250 ns/op
OverheadActual  15: 33554432 op, 84454585.00 ns, 2.5169 ns/op

WorkloadWarmup   1: 33554432 op, 582265445.00 ns, 17.3529 ns/op
WorkloadWarmup   2: 33554432 op, 582814628.00 ns, 17.3692 ns/op
WorkloadWarmup   3: 33554432 op, 577716457.00 ns, 17.2173 ns/op
WorkloadWarmup   4: 33554432 op, 573890073.00 ns, 17.1033 ns/op
WorkloadWarmup   5: 33554432 op, 576550056.00 ns, 17.1825 ns/op
WorkloadWarmup   6: 33554432 op, 574669311.00 ns, 17.1265 ns/op

// BeforeActualRun
WorkloadActual   1: 33554432 op, 573946678.00 ns, 17.1049 ns/op
WorkloadActual   2: 33554432 op, 581173539.00 ns, 17.3203 ns/op
WorkloadActual   3: 33554432 op, 579186385.00 ns, 17.2611 ns/op
WorkloadActual   4: 33554432 op, 575784075.00 ns, 17.1597 ns/op
WorkloadActual   5: 33554432 op, 575842208.00 ns, 17.1614 ns/op
WorkloadActual   6: 33554432 op, 570514207.00 ns, 17.0026 ns/op
WorkloadActual   7: 33554432 op, 569827503.00 ns, 16.9822 ns/op
WorkloadActual   8: 33554432 op, 567880677.00 ns, 16.9242 ns/op
WorkloadActual   9: 33554432 op, 570892422.00 ns, 17.0139 ns/op
WorkloadActual  10: 33554432 op, 574229115.00 ns, 17.1134 ns/op
WorkloadActual  11: 33554432 op, 573303080.00 ns, 17.0858 ns/op
WorkloadActual  12: 33554432 op, 573035115.00 ns, 17.0778 ns/op
WorkloadActual  13: 33554432 op, 575428588.00 ns, 17.1491 ns/op
WorkloadActual  14: 33554432 op, 580997529.00 ns, 17.3151 ns/op
WorkloadActual  15: 33554432 op, 581978695.00 ns, 17.3443 ns/op

// AfterActualRun
WorkloadResult   1: 33554432 op, 488767709.00 ns, 14.5664 ns/op
WorkloadResult   2: 33554432 op, 495994570.00 ns, 14.7818 ns/op
WorkloadResult   3: 33554432 op, 494007416.00 ns, 14.7226 ns/op
WorkloadResult   4: 33554432 op, 490605106.00 ns, 14.6212 ns/op
WorkloadResult   5: 33554432 op, 490663239.00 ns, 14.6229 ns/op
WorkloadResult   6: 33554432 op, 485335238.00 ns, 14.4641 ns/op
WorkloadResult   7: 33554432 op, 484648534.00 ns, 14.4437 ns/op
WorkloadResult   8: 33554432 op, 482701708.00 ns, 14.3856 ns/op
WorkloadResult   9: 33554432 op, 485713453.00 ns, 14.4754 ns/op
WorkloadResult  10: 33554432 op, 489050146.00 ns, 14.5748 ns/op
WorkloadResult  11: 33554432 op, 488124111.00 ns, 14.5472 ns/op
WorkloadResult  12: 33554432 op, 487856146.00 ns, 14.5392 ns/op
WorkloadResult  13: 33554432 op, 490249619.00 ns, 14.6106 ns/op
WorkloadResult  14: 33554432 op, 495818560.00 ns, 14.7765 ns/op
WorkloadResult  15: 33554432 op, 496799726.00 ns, 14.8058 ns/op
// GC:  0 0 0 0 33554432
// Threading:  0 0 33554432

// AfterAll
// Benchmark Process 4204 has exited with code 0.

Mean = 14.596 ns, StdErr = 0.033 ns (0.23%), N = 15, StdDev = 0.130 ns
Min = 14.386 ns, Q1 = 14.507 ns, Median = 14.575 ns, Q3 = 14.673 ns, Max = 14.806 ns
IQR = 0.165 ns, LowerFence = 14.259 ns, UpperFence = 14.921 ns
ConfidenceInterval = [14.457 ns; 14.734 ns] (CI 99.9%), Margin = 0.139 ns (0.95% of Mean)
Skewness = 0.2, Kurtosis = 1.77, MValue = 2

// ** Remained 2 (50.0 %) benchmark(s) to run. Estimated finish 2026-09-13 16:44 (0h 0m from now) **
// **************************
// Benchmark: AssetResolutionBenchmark.Original_Asset: DefaultJob
// *** Execute ***
// Launch: 1 / 1
// Execute: dotnet Benchmark-DefaultJob-1.dll --anonymousPipes 115 116 --benchmarkName Benchmark.AssetResolutionBenchmark.Original_Asset --job Default --benchmarkId 2 in /app/Benchmark/bin/Release/net10.0/Benchmark-DefaultJob-1/bin/Release/net10.0
// Failed to set up high priority (Permission denied). In order to run benchmarks with high priority, make sure you have the right permissions.
// BeforeAnythingElse

// Benchmark Process Environment Information:
// BenchmarkDotNet v0.15.8
// Runtime=.NET 10.0.3 (10.0.3, 10.0.326.7603), X64 RyuJIT x86-64-v3
// GC=Concurrent Workstation
// HardwareIntrinsics=AVX2+BMI1+BMI2+F16C+FMA+LZCNT+MOVBE,AVX,SSE3+SSSE3+SSE4.1+SSE4.2+POPCNT,X86Base+SSE+SSE2,AES+PCLMUL VectorSize=256
// Job: DefaultJob

OverheadJitting  1: 1 op, 383112.00 ns, 383.1120 us/op
WorkloadJitting  1: 1 op, 646037.00 ns, 646.0370 us/op

OverheadJitting  2: 16 op, 1232844.00 ns, 77.0528 us/op
WorkloadJitting  2: 16 op, 737875.00 ns, 46.1172 us/op

WorkloadPilot    1: 16 op, 21492.00 ns, 1.3433 us/op
WorkloadPilot    2: 32 op, 9765.00 ns, 305.1563 ns/op
WorkloadPilot    3: 64 op, 32984.00 ns, 515.3750 ns/op
WorkloadPilot    4: 128 op, 38258.00 ns, 298.8906 ns/op
WorkloadPilot    5: 256 op, 65962.00 ns, 257.6641 ns/op
WorkloadPilot    6: 512 op, 78759.00 ns, 153.8262 ns/op
WorkloadPilot    7: 1024 op, 178047.00 ns, 173.8740 ns/op
WorkloadPilot    8: 2048 op, 338349.00 ns, 165.2095 ns/op
WorkloadPilot    9: 4096 op, 819059.00 ns, 199.9656 ns/op
WorkloadPilot   10: 8192 op, 1278449.00 ns, 156.0607 ns/op
WorkloadPilot   11: 16384 op, 2687221.00 ns, 164.0150 ns/op
WorkloadPilot   12: 32768 op, 5446072.00 ns, 166.2009 ns/op
WorkloadPilot   13: 65536 op, 11239828.00 ns, 171.5062 ns/op
WorkloadPilot   14: 131072 op, 21946652.00 ns, 167.4397 ns/op
WorkloadPilot   15: 262144 op, 56808618.00 ns, 216.7077 ns/op
WorkloadPilot   16: 524288 op, 107035397.00 ns, 204.1538 ns/op
WorkloadPilot   17: 1048576 op, 222615583.00 ns, 212.3028 ns/op
WorkloadPilot   18: 2097152 op, 178309508.00 ns, 85.0246 ns/op
WorkloadPilot   19: 4194304 op, 292939693.00 ns, 69.8423 ns/op
WorkloadPilot   20: 8388608 op, 591020459.00 ns, 70.4551 ns/op

OverheadWarmup   1: 8388608 op, 30826740.00 ns, 3.6748 ns/op
OverheadWarmup   2: 8388608 op, 30622001.00 ns, 3.6504 ns/op
OverheadWarmup   3: 8388608 op, 30855694.00 ns, 3.6783 ns/op
OverheadWarmup   4: 8388608 op, 30686290.00 ns, 3.6581 ns/op
OverheadWarmup   5: 8388608 op, 30774533.00 ns, 3.6686 ns/op
OverheadWarmup   6: 8388608 op, 30792520.00 ns, 3.6708 ns/op
OverheadWarmup   7: 8388608 op, 30539171.00 ns, 3.6406 ns/op

OverheadActual   1: 8388608 op, 30688556.00 ns, 3.6584 ns/op
OverheadActual   2: 8388608 op, 30812876.00 ns, 3.6732 ns/op
OverheadActual   3: 8388608 op, 30591946.00 ns, 3.6468 ns/op
OverheadActual   4: 8388608 op, 30885082.00 ns, 3.6818 ns/op
OverheadActual   5: 8388608 op, 30908915.00 ns, 3.6846 ns/op
OverheadActual   6: 8388608 op, 30514866.00 ns, 3.6377 ns/op
OverheadActual   7: 8388608 op, 30874399.00 ns, 3.6805 ns/op
OverheadActual   8: 8388608 op, 30787869.00 ns, 3.6702 ns/op
OverheadActual   9: 8388608 op, 23433425.00 ns, 2.7935 ns/op
OverheadActual  10: 8388608 op, 21466771.00 ns, 2.5590 ns/op
OverheadActual  11: 8388608 op, 21423411.00 ns, 2.5539 ns/op
OverheadActual  12: 8388608 op, 21118486.00 ns, 2.5175 ns/op
OverheadActual  13: 8388608 op, 21286323.00 ns, 2.5375 ns/op
OverheadActual  14: 8388608 op, 21082264.00 ns, 2.5132 ns/op
OverheadActual  15: 8388608 op, 21251715.00 ns, 2.5334 ns/op
OverheadActual  16: 8388608 op, 21496354.00 ns, 2.5626 ns/op
OverheadActual  17: 8388608 op, 21666570.00 ns, 2.5829 ns/op
OverheadActual  18: 8388608 op, 21152935.00 ns, 2.5216 ns/op
OverheadActual  19: 8388608 op, 21237277.00 ns, 2.5317 ns/op
OverheadActual  20: 8388608 op, 21075154.00 ns, 2.5124 ns/op

WorkloadWarmup   1: 8388608 op, 602277082.00 ns, 71.7970 ns/op
WorkloadWarmup   2: 8388608 op, 603686521.00 ns, 71.9650 ns/op
WorkloadWarmup   3: 8388608 op, 591555126.00 ns, 70.5189 ns/op
WorkloadWarmup   4: 8388608 op, 589083393.00 ns, 70.2242 ns/op
WorkloadWarmup   5: 8388608 op, 596380576.00 ns, 71.0941 ns/op
WorkloadWarmup   6: 8388608 op, 581344536.00 ns, 69.3017 ns/op

// BeforeActualRun
WorkloadActual   1: 8388608 op, 583175306.00 ns, 69.5199 ns/op
WorkloadActual   2: 8388608 op, 577340114.00 ns, 68.8243 ns/op
WorkloadActual   3: 8388608 op, 580428495.00 ns, 69.1925 ns/op
WorkloadActual   4: 8388608 op, 588956898.00 ns, 70.2091 ns/op
WorkloadActual   5: 8388608 op, 582044166.00 ns, 69.3851 ns/op
WorkloadActual   6: 8388608 op, 610696316.00 ns, 72.8007 ns/op
WorkloadActual   7: 8388608 op, 609822464.00 ns, 72.6965 ns/op
WorkloadActual   8: 8388608 op, 899398781.00 ns, 107.2167 ns/op
WorkloadActual   9: 8388608 op, 904961452.00 ns, 107.8798 ns/op
WorkloadActual  10: 8388608 op, 890419431.00 ns, 106.1463 ns/op
WorkloadActual  11: 8388608 op, 615461804.00 ns, 73.3688 ns/op
WorkloadActual  12: 8388608 op, 608973390.00 ns, 72.5953 ns/op
WorkloadActual  13: 8388608 op, 607306614.00 ns, 72.3966 ns/op
WorkloadActual  14: 8388608 op, 606536619.00 ns, 72.3048 ns/op
WorkloadActual  15: 8388608 op, 588627208.00 ns, 70.1698 ns/op
WorkloadActual  16: 8388608 op, 584625351.00 ns, 69.6928 ns/op
WorkloadActual  17: 8388608 op, 585630676.00 ns, 69.8126 ns/op
WorkloadActual  18: 8388608 op, 586364607.00 ns, 69.9001 ns/op
WorkloadActual  19: 8388608 op, 595125186.00 ns, 70.9445 ns/op
WorkloadActual  20: 8388608 op, 588593730.00 ns, 70.1658 ns/op
WorkloadActual  21: 8388608 op, 587185783.00 ns, 69.9980 ns/op

// AfterActualRun
WorkloadResult   1: 8388608 op, 561593844.00 ns, 66.9472 ns/op
WorkloadResult   2: 8388608 op, 555758652.00 ns, 66.2516 ns/op
WorkloadResult   3: 8388608 op, 558847033.00 ns, 66.6198 ns/op
WorkloadResult   4: 8388608 op, 567375436.00 ns, 67.6364 ns/op
WorkloadResult   5: 8388608 op, 560462704.00 ns, 66.8124 ns/op
WorkloadResult   6: 8388608 op, 589114854.00 ns, 70.2280 ns/op
WorkloadResult   7: 8388608 op, 588241002.00 ns, 70.1238 ns/op
WorkloadResult   8: 8388608 op, 593880342.00 ns, 70.7961 ns/op
WorkloadResult   9: 8388608 op, 587391928.00 ns, 70.0226 ns/op
WorkloadResult  10: 8388608 op, 585725152.00 ns, 69.8239 ns/op
WorkloadResult  11: 8388608 op, 584955157.00 ns, 69.7321 ns/op
WorkloadResult  12: 8388608 op, 567045746.00 ns, 67.5971 ns/op
WorkloadResult  13: 8388608 op, 563043889.00 ns, 67.1201 ns/op
WorkloadResult  14: 8388608 op, 564049214.00 ns, 67.2399 ns/op
WorkloadResult  15: 8388608 op, 564783145.00 ns, 67.3274 ns/op
WorkloadResult  16: 8388608 op, 573543724.00 ns, 68.3717 ns/op
WorkloadResult  17: 8388608 op, 567012268.00 ns, 67.5931 ns/op
WorkloadResult  18: 8388608 op, 565604321.00 ns, 67.4253 ns/op
// GC:  22 0 0 536870912 8388608
// Threading:  0 0 8388608

// AfterAll
// Benchmark Process 4215 has exited with code 0.

Mean = 68.204 ns, StdErr = 0.349 ns (0.51%), N = 18, StdDev = 1.479 ns
Min = 66.252 ns, Q1 = 67.150 ns, Median = 67.595 ns, Q3 = 69.801 ns, Max = 70.796 ns
IQR = 2.651 ns, LowerFence = 63.174 ns, UpperFence = 73.777 ns
ConfidenceInterval = [66.822 ns; 69.586 ns] (CI 99.9%), Margin = 1.382 ns (2.03% of Mean)
Skewness = 0.46, Kurtosis = 1.5, MValue = 2.91

// ** Remained 1 (25.0 %) benchmark(s) to run. Estimated finish 2026-09-13 16:44 (0h 0m from now) **
// **************************
// Benchmark: AssetResolutionBenchmark.Optimized_Asset: DefaultJob
// *** Execute ***
// Launch: 1 / 1
// Execute: dotnet Benchmark-DefaultJob-1.dll --anonymousPipes 115 116 --benchmarkName Benchmark.AssetResolutionBenchmark.Optimized_Asset --job Default --benchmarkId 3 in /app/Benchmark/bin/Release/net10.0/Benchmark-DefaultJob-1/bin/Release/net10.0
// Failed to set up high priority (Permission denied). In order to run benchmarks with high priority, make sure you have the right permissions.
// BeforeAnythingElse

// Benchmark Process Environment Information:
// BenchmarkDotNet v0.15.8
// Runtime=.NET 10.0.3 (10.0.3, 10.0.326.7603), X64 RyuJIT x86-64-v3
// GC=Concurrent Workstation
// HardwareIntrinsics=AVX2+BMI1+BMI2+F16C+FMA+LZCNT+MOVBE,AVX,SSE3+SSSE3+SSE4.1+SSE4.2+POPCNT,X86Base+SSE+SSE2,AES+PCLMUL VectorSize=256
// Job: DefaultJob

OverheadJitting  1: 1 op, 305586.00 ns, 305.5860 us/op
WorkloadJitting  1: 1 op, 978697.00 ns, 978.6970 us/op

OverheadJitting  2: 16 op, 662710.00 ns, 41.4194 us/op
WorkloadJitting  2: 16 op, 780915.00 ns, 48.8072 us/op

WorkloadPilot    1: 16 op, 25277.00 ns, 1.5798 us/op
WorkloadPilot    2: 32 op, 14037.00 ns, 438.6563 ns/op
WorkloadPilot    3: 64 op, 38740.00 ns, 605.3125 ns/op
WorkloadPilot    4: 128 op, 46369.00 ns, 362.2578 ns/op
WorkloadPilot    5: 256 op, 70126.00 ns, 273.9297 ns/op
WorkloadPilot    6: 512 op, 116105.00 ns, 226.7676 ns/op
WorkloadPilot    7: 1024 op, 228895.00 ns, 223.5303 ns/op
WorkloadPilot    8: 2048 op, 441656.00 ns, 215.6523 ns/op
WorkloadPilot    9: 4096 op, 910726.00 ns, 222.3452 ns/op
WorkloadPilot   10: 8192 op, 1593122.00 ns, 194.4729 ns/op
WorkloadPilot   11: 16384 op, 3302367.00 ns, 201.5605 ns/op
WorkloadPilot   12: 32768 op, 6565856.00 ns, 200.3740 ns/op
WorkloadPilot   13: 65536 op, 13230255.00 ns, 201.8777 ns/op
WorkloadPilot   14: 131072 op, 26215909.00 ns, 200.0115 ns/op
WorkloadPilot   15: 262144 op, 54191034.00 ns, 206.7224 ns/op
WorkloadPilot   16: 524288 op, 124060323.00 ns, 236.6263 ns/op
WorkloadPilot   17: 1048576 op, 309829344.00 ns, 295.4763 ns/op
WorkloadPilot   18: 2097152 op, 281038414.00 ns, 134.0096 ns/op
WorkloadPilot   19: 4194304 op, 294717696.00 ns, 70.2662 ns/op
WorkloadPilot   20: 8388608 op, 592561160.00 ns, 70.6388 ns/op

OverheadWarmup   1: 8388608 op, 31915591.00 ns, 3.8046 ns/op
OverheadWarmup   2: 8388608 op, 32141260.00 ns, 3.8315 ns/op
OverheadWarmup   3: 8388608 op, 31665060.00 ns, 3.7748 ns/op
OverheadWarmup   4: 8388608 op, 31865910.00 ns, 3.7987 ns/op
OverheadWarmup   5: 8388608 op, 32076650.00 ns, 3.8238 ns/op
OverheadWarmup   6: 8388608 op, 32748843.00 ns, 3.9040 ns/op
OverheadWarmup   7: 8388608 op, 32234642.00 ns, 3.8427 ns/op

OverheadActual   1: 8388608 op, 32284156.00 ns, 3.8486 ns/op
OverheadActual   2: 8388608 op, 31729200.00 ns, 3.7824 ns/op
OverheadActual   3: 8388608 op, 31811862.00 ns, 3.7923 ns/op
OverheadActual   4: 8388608 op, 31836271.00 ns, 3.7952 ns/op
OverheadActual   5: 8388608 op, 31536703.00 ns, 3.7595 ns/op
OverheadActual   6: 8388608 op, 31813261.00 ns, 3.7924 ns/op
OverheadActual   7: 8388608 op, 31818003.00 ns, 3.7930 ns/op
OverheadActual   8: 8388608 op, 27461566.00 ns, 3.2737 ns/op
OverheadActual   9: 8388608 op, 21132339.00 ns, 2.5192 ns/op
OverheadActual  10: 8388608 op, 20949232.00 ns, 2.4973 ns/op
OverheadActual  11: 8388608 op, 21077015.00 ns, 2.5126 ns/op
OverheadActual  12: 8388608 op, 20910139.00 ns, 2.4927 ns/op
OverheadActual  13: 8388608 op, 20885149.00 ns, 2.4897 ns/op
OverheadActual  14: 8388608 op, 21136542.00 ns, 2.5197 ns/op
OverheadActual  15: 8388608 op, 21177562.00 ns, 2.5246 ns/op
OverheadActual  16: 8388608 op, 21159215.00 ns, 2.5224 ns/op
OverheadActual  17: 8388608 op, 21214056.00 ns, 2.5289 ns/op
OverheadActual  18: 8388608 op, 21261777.00 ns, 2.5346 ns/op
OverheadActual  19: 8388608 op, 21312268.00 ns, 2.5406 ns/op
OverheadActual  20: 8388608 op, 21011355.00 ns, 2.5047 ns/op

WorkloadWarmup   1: 8388608 op, 608588977.00 ns, 72.5495 ns/op
WorkloadWarmup   2: 8388608 op, 597609130.00 ns, 71.2406 ns/op
WorkloadWarmup   3: 8388608 op, 593523072.00 ns, 70.7535 ns/op
WorkloadWarmup   4: 8388608 op, 588888560.00 ns, 70.2010 ns/op
WorkloadWarmup   5: 8388608 op, 591336640.00 ns, 70.4928 ns/op
WorkloadWarmup   6: 8388608 op, 595117502.00 ns, 70.9435 ns/op
WorkloadWarmup   7: 8388608 op, 596113816.00 ns, 71.0623 ns/op
WorkloadWarmup   8: 8388608 op, 597649450.00 ns, 71.2454 ns/op
WorkloadWarmup   9: 8388608 op, 608782746.00 ns, 72.5726 ns/op
WorkloadWarmup  10: 8388608 op, 607438063.00 ns, 72.4123 ns/op
WorkloadWarmup  11: 8388608 op, 594000102.00 ns, 70.8103 ns/op
WorkloadWarmup  12: 8388608 op, 594325769.00 ns, 70.8492 ns/op
WorkloadWarmup  13: 8388608 op, 612993274.00 ns, 73.0745 ns/op
WorkloadWarmup  14: 8388608 op, 610758640.00 ns, 72.8081 ns/op

// BeforeActualRun
WorkloadActual   1: 8388608 op, 602457248.00 ns, 71.8185 ns/op
WorkloadActual   2: 8388608 op, 596597510.00 ns, 71.1200 ns/op
WorkloadActual   3: 8388608 op, 591952484.00 ns, 70.5662 ns/op
WorkloadActual   4: 8388608 op, 612441661.00 ns, 73.0087 ns/op
WorkloadActual   5: 8388608 op, 592572787.00 ns, 70.6402 ns/op
WorkloadActual   6: 8388608 op, 600233499.00 ns, 71.5534 ns/op
WorkloadActual   7: 8388608 op, 603755277.00 ns, 71.9732 ns/op
WorkloadActual   8: 8388608 op, 607262161.00 ns, 72.3913 ns/op
WorkloadActual   9: 8388608 op, 607977597.00 ns, 72.4766 ns/op
WorkloadActual  10: 8388608 op, 600410254.00 ns, 71.5745 ns/op
WorkloadActual  11: 8388608 op, 600694803.00 ns, 71.6084 ns/op
WorkloadActual  12: 8388608 op, 595890666.00 ns, 71.0357 ns/op
WorkloadActual  13: 8388608 op, 590536090.00 ns, 70.3974 ns/op
WorkloadActual  14: 8388608 op, 596195162.00 ns, 71.0720 ns/op
WorkloadActual  15: 8388608 op, 600759619.00 ns, 71.6161 ns/op

// AfterActualRun
WorkloadResult   1: 8388608 op, 581219331.50 ns, 69.2867 ns/op
WorkloadResult   2: 8388608 op, 575359593.50 ns, 68.5882 ns/op
WorkloadResult   3: 8388608 op, 570714567.50 ns, 68.0345 ns/op
WorkloadResult   4: 8388608 op, 591203744.50 ns, 70.4770 ns/op
WorkloadResult   5: 8388608 op, 571334870.50 ns, 68.1084 ns/op
WorkloadResult   6: 8388608 op, 578995582.50 ns, 69.0217 ns/op
WorkloadResult   7: 8388608 op, 582517360.50 ns, 69.4415 ns/op
WorkloadResult   8: 8388608 op, 586024244.50 ns, 69.8595 ns/op
WorkloadResult   9: 8388608 op, 586739680.50 ns, 69.9448 ns/op
WorkloadResult  10: 8388608 op, 579172337.50 ns, 69.0427 ns/op
WorkloadResult  11: 8388608 op, 579456886.50 ns, 69.0766 ns/op
WorkloadResult  12: 8388608 op, 574652749.50 ns, 68.5039 ns/op
WorkloadResult  13: 8388608 op, 569298173.50 ns, 67.8656 ns/op
WorkloadResult  14: 8388608 op, 574957245.50 ns, 68.5402 ns/op
WorkloadResult  15: 8388608 op, 579521702.50 ns, 69.0844 ns/op
// GC:  22 0 0 536870912 8388608
// Threading:  0 0 8388608

// AfterAll
// Benchmark Process 4229 has exited with code 0.

Mean = 68.992 ns, StdErr = 0.192 ns (0.28%), N = 15, StdDev = 0.744 ns
Min = 67.866 ns, Q1 = 68.522 ns, Median = 69.043 ns, Q3 = 69.364 ns, Max = 70.477 ns
IQR = 0.842 ns, LowerFence = 67.259 ns, UpperFence = 70.627 ns
ConfidenceInterval = [68.197 ns; 69.787 ns] (CI 99.9%), Margin = 0.795 ns (1.15% of Mean)
Skewness = 0.27, Kurtosis = 2.07, MValue = 2

// ** Remained 0 (0.0 %) benchmark(s) to run. Estimated finish 2026-09-13 16:44 (0h 0m from now) **
// ***** BenchmarkRunner: Finish  *****

// * Export *
  BenchmarkDotNet.Artifacts/results/Benchmark.AssetResolutionBenchmark-report.csv
  BenchmarkDotNet.Artifacts/results/Benchmark.AssetResolutionBenchmark-report-github.md
  BenchmarkDotNet.Artifacts/results/Benchmark.AssetResolutionBenchmark-report.html

// * Detailed results *
AssetResolutionBenchmark.Original_NonAsset: DefaultJob
Runtime = .NET 10.0.3 (10.0.3, 10.0.326.7603), X64 RyuJIT x86-64-v3; GC = Concurrent Workstation
Mean = 43.443 ns, StdErr = 0.114 ns (0.26%), N = 15, StdDev = 0.443 ns
Min = 42.990 ns, Q1 = 43.131 ns, Median = 43.247 ns, Q3 = 43.711 ns, Max = 44.561 ns
IQR = 0.581 ns, LowerFence = 42.260 ns, UpperFence = 44.582 ns
ConfidenceInterval = [42.969 ns; 43.917 ns] (CI 99.9%), Margin = 0.474 ns (1.09% of Mean)
Skewness = 1.06, Kurtosis = 3.11, MValue = 2
-------------------- Histogram --------------------
[42.754 ns ; 44.797 ns) | @@@@@@@@@@@@@@@
---------------------------------------------------

AssetResolutionBenchmark.Optimized_NonAsset: DefaultJob
Runtime = .NET 10.0.3 (10.0.3, 10.0.326.7603), X64 RyuJIT x86-64-v3; GC = Concurrent Workstation
Mean = 14.596 ns, StdErr = 0.033 ns (0.23%), N = 15, StdDev = 0.130 ns
Min = 14.386 ns, Q1 = 14.507 ns, Median = 14.575 ns, Q3 = 14.673 ns, Max = 14.806 ns
IQR = 0.165 ns, LowerFence = 14.259 ns, UpperFence = 14.921 ns
ConfidenceInterval = [14.457 ns; 14.734 ns] (CI 99.9%), Margin = 0.139 ns (0.95% of Mean)
Skewness = 0.2, Kurtosis = 1.77, MValue = 2
-------------------- Histogram --------------------
[14.317 ns ; 14.875 ns) | @@@@@@@@@@@@@@@
---------------------------------------------------

AssetResolutionBenchmark.Original_Asset: DefaultJob
Runtime = .NET 10.0.3 (10.0.3, 10.0.326.7603), X64 RyuJIT x86-64-v3; GC = Concurrent Workstation
Mean = 68.204 ns, StdErr = 0.349 ns (0.51%), N = 18, StdDev = 1.479 ns
Min = 66.252 ns, Q1 = 67.150 ns, Median = 67.595 ns, Q3 = 69.801 ns, Max = 70.796 ns
IQR = 2.651 ns, LowerFence = 63.174 ns, UpperFence = 73.777 ns
ConfidenceInterval = [66.822 ns; 69.586 ns] (CI 99.9%), Margin = 1.382 ns (2.03% of Mean)
Skewness = 0.46, Kurtosis = 1.5, MValue = 2.91
-------------------- Histogram --------------------
[66.203 ns ; 67.685 ns) | @@@@@@@@@@@
[67.685 ns ; 69.523 ns) | @
[69.523 ns ; 71.005 ns) | @@@@@@
---------------------------------------------------

AssetResolutionBenchmark.Optimized_Asset: DefaultJob
Runtime = .NET 10.0.3 (10.0.3, 10.0.326.7603), X64 RyuJIT x86-64-v3; GC = Concurrent Workstation
Mean = 68.992 ns, StdErr = 0.192 ns (0.28%), N = 15, StdDev = 0.744 ns
Min = 67.866 ns, Q1 = 68.522 ns, Median = 69.043 ns, Q3 = 69.364 ns, Max = 70.477 ns
IQR = 0.842 ns, LowerFence = 67.259 ns, UpperFence = 70.627 ns
ConfidenceInterval = [68.197 ns; 69.787 ns] (CI 99.9%), Margin = 0.795 ns (1.15% of Mean)
Skewness = 0.27, Kurtosis = 2.07, MValue = 2
-------------------- Histogram --------------------
[67.470 ns ; 70.873 ns) | @@@@@@@@@@@@@@@
---------------------------------------------------

// * Summary *

BenchmarkDotNet v0.15.8, Linux Ubuntu 24.04.4 LTS (Noble Numbat)
Intel Xeon Processor 2.30GHz, 1 CPU, 4 logical and 4 physical cores
.NET SDK 10.0.103
  [Host]     : .NET 10.0.3 (10.0.3, 10.0.326.7603), X64 RyuJIT x86-64-v3
  DefaultJob : .NET 10.0.3 (10.0.3, 10.0.326.7603), X64 RyuJIT x86-64-v3


| Method             | Mean     | Error    | StdDev   | Gen0   | Allocated |
|------------------- |---------:|---------:|---------:|-------:|----------:|
| Original_NonAsset  | 43.44 ns | 0.474 ns | 0.443 ns | 0.0013 |      32 B |
| Optimized_NonAsset | 14.60 ns | 0.139 ns | 0.130 ns |      - |         - |
| Original_Asset     | 68.20 ns | 1.382 ns | 1.479 ns | 0.0026 |      64 B |
| Optimized_Asset    | 68.99 ns | 0.795 ns | 0.744 ns | 0.0026 |      64 B |

// * Warnings *
MultimodalDistribution
  AssetResolutionBenchmark.Original_Asset: Default -> It seems that the distribution can have several modes (mValue = 2.91)

// * Hints *
Outliers
  AssetResolutionBenchmark.Original_Asset: Default -> 3 outliers were removed (106.15 ns..107.88 ns)

// * Legends *
  Mean      : Arithmetic mean of all measurements
  Error     : Half of 99.9% confidence interval
  StdDev    : Standard deviation of all measurements
  Gen0      : GC Generation 0 collects per 1000 operations
  Allocated : Allocated memory per single operation (managed only, inclusive, 1KB = 1024B)
  1 ns      : 1 Nanosecond (0.000000001 sec)

// * Diagnostic Output - MemoryDiagnoser *


// ***** BenchmarkRunner: End *****
Run time: 00:01:19 (79.52 sec), executed benchmarks: 4

Global total time: 00:01:34 (94.96 sec), executed benchmarks: 4
// * Artifacts cleanup *
Artifacts cleanup is finished
